[INFO] Scanning for projects...
[INFO] 
[INFO] -------------------------< com.ortiz:Proyecto >-------------------------
[INFO] Building Proyecto 0.0.1-SNAPSHOT
[INFO]   from pom.xml
[INFO] --------------------------------[ jar ]---------------------------------
[INFO] 
[INFO] --- clean:3.3.2:clean (default-clean) @ Proyecto ---
[INFO] Deleting C:\Users\JUAN\Desktop\PROYECTOS\Proyecto\target
[INFO] 
[INFO] --- resources:3.3.1:resources (default-resources) @ Proyecto ---
[INFO] Copying 1 resource from src\main\resources to target\classes
[INFO] ------------------------------------------------------------------------
[INFO] BUILD FAILURE
[INFO] ------------------------------------------------------------------------
[INFO] Total time:  3.803 s
[INFO] Finished at: 2026-03-09T09:19:37-05:00
[INFO] ------------------------------------------------------------------------
[ERROR] Failed to execute goal org.apache.maven.plugins:maven-resources-plugin:3.3.1:resources (default-resources) on project Proyecto: filtering C:\Users\JUAN\Desktop\PROYECTOS\Proyecto\src\main\resources\application.properties to C:\Users\JUAN\Desktop\PROYECTOS\Proyecto\target\classes\application.properties failed with MalformedInputException: Input length = 1 -> [Help 1]
[ERROR] 
[ERROR] To see the full stack trace of the errors, re-run Maven with the -e switch.
[ERROR] Re-run Maven using the -X switch to enable full debug logging.
[ERROR] 
[ERROR] For more information about the errors and possible solutions, please read the following articles:
[ERROR] [Help 1] http://cwiki.apache.org/confluence/display/MAVEN/MojoExecutionException
